******************************************************************************
                  TI ARM Linker PC v20.2.6                     
******************************************************************************
>> Linked Thu May 26 22:54:30 2022

OUTPUT FILE NAME:   <Keypad.out>
ENTRY POINT SYMBOL: "_c_int00_noargs"  address: 000010cd


MEMORY CONFIGURATION

         name            origin    length      used     unused   attr    fill
----------------------  --------  ---------  --------  --------  ----  --------
  FLASH                 00000000   00040000  0000148c  0003eb74  R  X
  SRAM                  20000000   00008000  00000489  00007b77  RW X


SEGMENT ALLOCATION MAP

run origin  load origin   length   init length attrs members
----------  ----------- ---------- ----------- ----- -------
00000000    00000000    00001490   00001490    r-x
  00000000    00000000    0000026c   0000026c    r-- .intvecs
  0000026c    0000026c    00000fb8   00000fb8    r-x .text
  00001224    00001224    00000218   00000218    r-- .const
  00001440    00001440    00000050   00000050    r-- .cinit
20000000    20000000    0000048d   00000000    rw-
  20000000    20000000    0000026c   00000000    rw- .vtable
  20000270    20000270    00000200   00000000    rw- .stack
  20000470    20000470    00000017   00000000    rw- .data
  20000487    20000487    00000006   00000000    rw- .bss


SECTION ALLOCATION MAP

 output                                  attributes/
section   page    origin      length       input sections
--------  ----  ----------  ----------   ----------------
.intvecs   0    00000000    0000026c     
                  00000000    0000026c     tm4c123gh6pm_startup_ccs.obj (.intvecs)

.text      0    0000026c    00000fb8     
                  0000026c    0000049c     Keypad_Password.obj (.text)
                  00000708    00000398     LCD.obj (.text)
                  00000aa0    0000016c     driverlib.lib : gpio.obj (.text:GPIOPadConfigSet)
                  00000c0c    00000118                   : sysctl.obj (.text:SysCtlClockGet)
                  00000d24    000000f4                   : sysctl.obj (.text:SysCtlClockSet)
                  00000e18    0000009c     rtsv7M4_T_le_v4SPD16_eabi.lib : memcpy_t2.asm.obj (.text)
                  00000eb4    00000068     driverlib.lib : interrupt.obj (.text:IntEnable)
                  00000f1c    00000068     rtsv7M4_T_le_v4SPD16_eabi.lib : copy_decompress_lzss.c.obj (.text:decompress:lzss:__TI_decompress_lzss)
                  00000f84    00000058     driverlib.lib : gpio.obj (.text:GPIOIntTypeSet)
                  00000fdc    00000044                   : gpio.obj (.text:_GPIOIntNumberGet)
                  00001020    00000044     rtsv7M4_T_le_v4SPD16_eabi.lib : autoinit.c.obj (.text:__TI_auto_init_nobinit_nopinit:__TI_auto_init_nobinit_nopinit)
                  00001064    00000034     driverlib.lib : interrupt.obj (.text:IntRegister)
                  00001098    00000034                   : sysctl.obj (.text:SysCtlPeripheralEnable)
                  000010cc    00000034     rtsv7M4_T_le_v4SPD16_eabi.lib : boot_cortex_m.c.obj (.text:_c_int00_noargs:_c_int00_noargs)
                  00001100    0000002c     driverlib.lib : gpio.obj (.text:GPIODirModeSet)
                  0000112c    00000024     main.obj (.text)
                  00001150    0000001c     rtsv7M4_T_le_v4SPD16_eabi.lib : copy_zero_init.c.obj (.text:decompress:ZI:__TI_zero_init_nomemset:__TI_zero_init_nomemset)
                  0000116c    0000001a     driverlib.lib : gpio.obj (.text:GPIOPinTypeGPIOOutput)
                  00001186    00000018                   : gpio.obj (.text:GPIOIntRegister)
                  0000119e    00000016                   : gpio.obj (.text:GPIOPinTypeGPIOInput)
                  000011b4    00000010                   : interrupt.obj (.text:IntMasterEnable)
                  000011c4    0000000e                   : gpio.obj (.text:GPIOIntStatus)
                  000011d2    0000000e     rtsv7M4_T_le_v4SPD16_eabi.lib : copy_decompress_none.c.obj (.text:decompress:none:__TI_decompress_none)
                  000011e0    0000000c     driverlib.lib : cpu.obj (.text:CPUcpsie)
                  000011ec    0000000c                   : gpio.obj (.text:GPIOIntEnable)
                  000011f8    0000000c     tm4c123gh6pm_startup_ccs.obj (.text)
                  00001204    00000006     driverlib.lib : gpio.obj (.text:GPIOIntClear)
                  0000120a    00000006                   : gpio.obj (.text:GPIOPinRead)
                  00001210    00000006                   : gpio.obj (.text:GPIOPinWrite)
                  00001216    00000006                   : sysctl.obj (.text:SysCtlDelay)
                  0000121c    00000004     rtsv7M4_T_le_v4SPD16_eabi.lib : pre_init.c.obj (.text:_system_pre_init)
                  00001220    00000004                                   : exit.c.obj (.text:abort:abort)

.const     0    00001224    00000218     
                  00001224    000000d8     driverlib.lib : gpio.obj (.const:g_ppui32GPIOIntMapSnowflake)
                  000012fc    000000c0                   : gpio.obj (.const:g_ppui32GPIOIntMapBlizzard)
                  000013bc    0000006c                   : sysctl.obj (.const:g_pui32Xtals)
                  00001428    00000014                   : interrupt.obj (.const:g_pui32EnRegs)

.cinit     0    00001440    00000050     
                  00001440    00000019     (.cinit..data.load) [load image, compression = lzss]
                  00001459    00000003     --HOLE-- [fill = 0]
                  0000145c    0000000c     (__TI_handler_table)
                  00001468    00000008     (.cinit..bss.load) [load image, compression = zero_init]
                  00001470    00000008     (.cinit..vtable.load) [load image, compression = zero_init]
                  00001478    00000018     (__TI_cinit_table)

.init_array 
*          0    00000000    00000000     UNINITIALIZED

.vtable    0    20000000    0000026c     UNINITIALIZED
                  20000000    0000026c     driverlib.lib : interrupt.obj (.vtable)

.data      0    20000470    00000017     UNINITIALIZED
                  20000470    0000000c     Keypad_Password.obj (.data:MKeyPad)
                  2000047c    00000007     Keypad_Password.obj (.data)
                  20000483    00000004     Keypad_Password.obj (.data:Password)

.bss       0    20000487    00000006     UNINITIALIZED
                  20000487    00000004     (.common:EnteredPassword)
                  2000048b    00000001     (.common:X)
                  2000048c    00000001     (.common:Y)

.stack     0    20000270    00000200     UNINITIALIZED
                  20000270    00000004     rtsv7M4_T_le_v4SPD16_eabi.lib : boot_cortex_m.c.obj (.stack)
                  20000274    000001fc     --HOLE--

__llvm_prf_cnts 
*          0    20000000    00000000     UNINITIALIZED

MODULE SUMMARY

       Module                         code   ro data   rw data
       ------                         ----   -------   -------
    .\
       Keypad_Password.obj            1180   0         29     
       LCD.obj                        920    0         0      
       tm4c123gh6pm_startup_ccs.obj   12     620       0      
       main.obj                       36     0         0      
    +--+------------------------------+------+---------+---------+
       Total:                         2148   620       29     
                                                              
    ../driverlib.lib
       gpio.obj                       680    408       0      
       interrupt.obj                  172    20        620    
       sysctl.obj                     582    108       0      
       cpu.obj                        12     0         0      
    +--+------------------------------+------+---------+---------+
       Total:                         1446   536       620    
                                                              
    C:\Users\XUAN LAM\codecomposersstd\ccs\tools\compiler\ti-cgt-arm_20.2.6.LTS\lib\rtsv7M4_T_le_v4SPD16_eabi.lib
       memcpy_t2.asm.obj              156    0         0      
       copy_decompress_lzss.c.obj     104    0         0      
       autoinit.c.obj                 68     0         0      
       boot_cortex_m.c.obj            52     0         0      
       copy_zero_init.c.obj           28     0         0      
       copy_decompress_none.c.obj     14     0         0      
       exit.c.obj                     4      0         0      
       pre_init.c.obj                 4      0         0      
    +--+------------------------------+------+---------+---------+
       Total:                         430    0         0      
                                                              
       Stack:                         0      0         512    
       Linker Generated:              0      77        0      
    +--+------------------------------+------+---------+---------+
       Grand Total:                   4024   1233      1161   


LINKER GENERATED COPY TABLES

__TI_cinit_table @ 00001478 records: 3, size/record: 8, table size: 24
	.data: load addr=00001440, load size=00000019 bytes, run addr=20000470, run size=00000017 bytes, compression=lzss
	.bss: load addr=00001468, load size=00000008 bytes, run addr=20000487, run size=00000006 bytes, compression=zero_init
	.vtable: load addr=00001470, load size=00000008 bytes, run addr=20000000, run size=0000026c bytes, compression=zero_init


LINKER GENERATED HANDLER TABLE

__TI_handler_table @ 0000145c records: 3, size/record: 4, table size: 12
	index: 0, handler: __TI_zero_init
	index: 1, handler: __TI_decompress_lzss
	index: 2, handler: __TI_decompress_none


GLOBAL SYMBOLS: SORTED ALPHABETICALLY BY Name 

address   name                          
-------   ----                          
00001221  C$$EXIT                       
000011e1  CPUcpsie                      
20000482  CorrectPasswordWait           
2000047e  Enterd_Password_Counter       
20000487  EnteredPassword               
00001101  GPIODirModeSet                
00001205  GPIOIntClear                  
000011ed  GPIOIntEnable                 
00001187  GPIOIntRegister               
000011c5  GPIOIntStatus                 
00000f85  GPIOIntTypeSet                
00000aa1  GPIOPadConfigSet              
0000120b  GPIOPinRead                   
0000119f  GPIOPinTypeGPIOInput          
0000116d  GPIOPinTypeGPIOOutput         
00001211  GPIOPinWrite                  
00000eb5  IntEnable                     
000011b5  IntMasterEnable               
00001065  IntRegister                   
0000026d  KeyPad_Lcd_Setup              
00000289  KeyPad_PassWord_Confirm       
00000641  KeyPad_Setup                  
00000495  KeyPad_int                    
000003cb  KeyPad_wait                   
20000470  MKeyPad                       
20000481  NewPasswordControl            
0000041d  NewPasswordWait               
20000480  NewPassword_Counter           
20000483  Password                      
0000058d  PasswordTypeControl           
2000047f  Password_Confirm_Counter      
000011f9  ResetISR                      
00000c0d  SysCtlClockGet                
00000d25  SysCtlClockSet                
00001217  SysCtlDelay                   
00001099  SysCtlPeripheralEnable        
2000048b  X                             
2000048c  Y                             
20000470  __STACK_END                   
00000200  __STACK_SIZE                  
20000470  __STACK_TOP                   
00001478  __TI_CINIT_Base               
00001490  __TI_CINIT_Limit              
0000145c  __TI_Handler_Table_Base       
00001468  __TI_Handler_Table_Limit      
00001021  __TI_auto_init_nobinit_nopinit
00000f1d  __TI_decompress_lzss          
000011d3  __TI_decompress_none          
ffffffff  __TI_pprof_out_hndl           
ffffffff  __TI_prof_data_size           
ffffffff  __TI_prof_data_start          
00000000  __TI_static_base__            
00001151  __TI_zero_init_nomemset       
00000e19  __aeabi_memcpy                
00000e19  __aeabi_memcpy4               
00000e19  __aeabi_memcpy8               
ffffffff  __binit__                     
ffffffff  __c_args__                    
UNDEFED   __mpu_init                    
20000270  __stack                       
20000000  __start___llvm_prf_cnts       
20000000  __stop___llvm_prf_cnts        
000010cd  _c_int00_noargs               
UNDEFED   _system_post_cinit            
0000121d  _system_pre_init              
00001221  abort                         
ffffffff  binit                         
2000047c  col                           
20000000  g_pfnRAMVectors               
00000000  g_pfnVectors                  
00000983  has_lcd_4bitsetup             
000007f9  has_lcd_erase                 
0000094f  has_lcd_position              
00000845  has_lcd_sendchar              
000008c9  has_lcd_sendcommand           
00000709  has_lcd_switchwrite           
0000080b  has_lcd_write                 
2000047d  inttertuptvalue               
0000044d  ln                            
0000112d  main                          
00000e19  memcpy                        
00000387  power                         


GLOBAL SYMBOLS: SORTED BY Symbol Address 

address   name                          
-------   ----                          
00000000  __TI_static_base__            
00000000  g_pfnVectors                  
00000200  __STACK_SIZE                  
0000026d  KeyPad_Lcd_Setup              
00000289  KeyPad_PassWord_Confirm       
00000387  power                         
000003cb  KeyPad_wait                   
0000041d  NewPasswordWait               
0000044d  ln                            
00000495  KeyPad_int                    
0000058d  PasswordTypeControl           
00000641  KeyPad_Setup                  
00000709  has_lcd_switchwrite           
000007f9  has_lcd_erase                 
0000080b  has_lcd_write                 
00000845  has_lcd_sendchar              
000008c9  has_lcd_sendcommand           
0000094f  has_lcd_position              
00000983  has_lcd_4bitsetup             
00000aa1  GPIOPadConfigSet              
00000c0d  SysCtlClockGet                
00000d25  SysCtlClockSet                
00000e19  __aeabi_memcpy                
00000e19  __aeabi_memcpy4               
00000e19  __aeabi_memcpy8               
00000e19  memcpy                        
00000eb5  IntEnable                     
00000f1d  __TI_decompress_lzss          
00000f85  GPIOIntTypeSet                
00001021  __TI_auto_init_nobinit_nopinit
00001065  IntRegister                   
00001099  SysCtlPeripheralEnable        
000010cd  _c_int00_noargs               
00001101  GPIODirModeSet                
0000112d  main                          
00001151  __TI_zero_init_nomemset       
0000116d  GPIOPinTypeGPIOOutput         
00001187  GPIOIntRegister               
0000119f  GPIOPinTypeGPIOInput          
000011b5  IntMasterEnable               
000011c5  GPIOIntStatus                 
000011d3  __TI_decompress_none          
000011e1  CPUcpsie                      
000011ed  GPIOIntEnable                 
000011f9  ResetISR                      
00001205  GPIOIntClear                  
0000120b  GPIOPinRead                   
00001211  GPIOPinWrite                  
00001217  SysCtlDelay                   
0000121d  _system_pre_init              
00001221  C$$EXIT                       
00001221  abort                         
0000145c  __TI_Handler_Table_Base       
00001468  __TI_Handler_Table_Limit      
00001478  __TI_CINIT_Base               
00001490  __TI_CINIT_Limit              
20000000  __start___llvm_prf_cnts       
20000000  __stop___llvm_prf_cnts        
20000000  g_pfnRAMVectors               
20000270  __stack                       
20000470  MKeyPad                       
20000470  __STACK_END                   
20000470  __STACK_TOP                   
2000047c  col                           
2000047d  inttertuptvalue               
2000047e  Enterd_Password_Counter       
2000047f  Password_Confirm_Counter      
20000480  NewPassword_Counter           
20000481  NewPasswordControl            
20000482  CorrectPasswordWait           
20000483  Password                      
20000487  EnteredPassword               
2000048b  X                             
2000048c  Y                             
ffffffff  __TI_pprof_out_hndl           
ffffffff  __TI_prof_data_size           
ffffffff  __TI_prof_data_start          
ffffffff  __binit__                     
ffffffff  __c_args__                    
ffffffff  binit                         
UNDEFED   __mpu_init                    
UNDEFED   _system_post_cinit            

[82 symbols]
